<?xml version="1.0" encoding="UTF-8"?>
<TestRun id="cd7abb64-eff4-44bf-9cfe-3a2d68cfa877" name="Rutger@RUTGER-PC 2015-02-03 15:14:54" runUser="Rutger-PC\Rutger" xmlns="http://microsoft.com/schemas/VisualStudio/TeamTest/2010">
  <TestSettings name="Local" id="615f2344-33cd-4b11-a440-94dfd2af8589">
    <Description>These are default test settings for a local test run.</Description>
    <Deployment enabled="false" runDeploymentRoot="Rutger_RUTGER-PC 2015-02-03 15_14_54">
      <DeploymentItem filename="C:\Program Files (x86)\Microsoft XNA\XNA Game Studio\v4.0\References\Windows\x86\Microsoft.Xna.Framework.dll" />
      <DeploymentItem filename="C:\Users\Rutger\Desktop\ha\trunk\Jumping\Jumping\Jumping.exe" />
      <DeploymentItem filename="C:\Program Files (x86)\Microsoft XNA\XNA Game Studio\v4.0\References\Windows\x86\Microsoft.Xna.Framework.Graphics.dll" />
    </Deployment>
    <Execution>
      <TestTypeSpecific />
      <AgentRule name="Execution Agents">
      </AgentRule>
    </Execution>
  </TestSettings>
  <Times creation="2015-02-03T15:14:54.3249684+01:00" queuing="2015-02-03T15:14:54.3799716+01:00" start="2015-02-03T15:14:54.3839718+01:00" finish="2015-02-03T15:14:54.5899836+01:00" />
  <ResultSummary outcome="Failed">
    <Counters total="1" executed="1" error="0" failed="1" timeout="0" aborted="0" inconclusive="0" passedButRunAborted="0" notRunnable="0" notExecuted="0" disconnected="0" warning="0" passed="0" completed="0" inProgress="0" pending="0" />
  </ResultSummary>
  <TestDefinitions>
    <UnitTest name="TestThrownObjectPositionToTheLeftUpdate" storage="c:\users\rutger\desktop\ha\trunk\projectherkansingtestomgeving\bin\debug\projectherkansingtestomgeving.dll" id="b81927d1-3f51-9ba2-0c8f-468253723be1">
      <Execution id="50498d1f-b3c8-4313-adaf-11919035dca1" />
      <TestMethod codeBase="C:/Users/Rutger/Desktop/ha/trunk/ProjectHerkansingTestOmgeving/bin/Debug/ProjectHerkansingTestOmgeving.DLL" adapterTypeName="Microsoft.VisualStudio.TestTools.TestTypes.Unit.UnitTestAdapter, Microsoft.VisualStudio.QualityTools.Tips.UnitTest.Adapter, Version=10.0.0.0, Culture=neutral, PublicKeyToken=b03f5f7f11d50a3a" className="ProjectHerkansingTestOmgeving.ThrowObjectTest, ProjectHerkansingTestOmgeving, Version=1.0.0.0, Culture=neutral, PublicKeyToken=null" name="TestThrownObjectPositionToTheLeftUpdate" />
    </UnitTest>
  </TestDefinitions>
  <TestLists>
    <TestList name="Results Not in a List" id="8c84fa94-04c1-424b-9868-57a2d4851a1d" />
    <TestList name="All Loaded Results" id="19431567-8539-422a-85d7-44ee4e166bda" />
  </TestLists>
  <TestEntries>
    <TestEntry testId="b81927d1-3f51-9ba2-0c8f-468253723be1" executionId="50498d1f-b3c8-4313-adaf-11919035dca1" testListId="8c84fa94-04c1-424b-9868-57a2d4851a1d" />
  </TestEntries>
  <Results>
    <UnitTestResult executionId="50498d1f-b3c8-4313-adaf-11919035dca1" testId="b81927d1-3f51-9ba2-0c8f-468253723be1" testName="TestThrownObjectPositionToTheLeftUpdate" computerName="RUTGER-PC" duration="00:00:00.0308410" startTime="2015-02-03T15:14:54.3889721+01:00" endTime="2015-02-03T15:14:54.5759828+01:00" testType="13cdc9d9-ddb5-4fa4-a97d-d965ccfc6d4b" outcome="Failed" testListId="8c84fa94-04c1-424b-9868-57a2d4851a1d" relativeResultsDirectory="50498d1f-b3c8-4313-adaf-11919035dca1">
      <Output>
        <ErrorInfo>
          <Message>Assert.AreEqual failed. Expected:&lt;{X:47 Y:50}&gt;. Actual:&lt;{X:45 Y:50}&gt;. Positie komt niet overeen met verwachte eind positie!</Message>
          <StackTrace>   at ProjectHerkansingTestOmgeving.ThrowObjectTest.TestThrownObjectPositionToTheLeftUpdate() in C:\Users\Rutger\Desktop\ha\trunk\ProjectHerkansingTestOmgeving\ThrowObjectTest.cs:line 164
</StackTrace>
        </ErrorInfo>
      </Output>
    </UnitTestResult>
  </Results>
</TestRun>